ASxxxx Linker V03.00/V05.40 + sdld,  page 1.
Hexadecimal  [32-Bits]

Area                                    Addr        Size        Decimal Bytes (Attributes)
--------------------------------        ----        ----        ------- ----- ------------
CABS                                00000000    00000000 =           0. bytes (ABS,CON,CODE)

      Value  Global                              Global Defined In Module
      -----  --------------------------------   ------------------------
C:   00000000  l_BIT_BANK                      
C:   00000000  l_BSEG                          
C:   00000000  l_BSEG_BYTES                    
C:   00000000  l_CABS                          
C:   00000000  l_GSINIT1                       
C:   00000000  l_GSINIT5                       
C:   00000000  l_IABS                          
C:   00000000  l_ISEG                          
C:   00000000  l_PSEG                          
C:   00000000  l_REG_BANK_1                    
C:   00000000  l_REG_BANK_2                    
C:   00000000  l_REG_BANK_3                    
C:   00000000  l_RSEG                          
C:   00000000  l_RSEG0                         
C:   00000000  l_RSEG1                         
C:   00000000  l_XABS                          
C:   00000000  l_XINIT                         
C:   00000000  l_XISEG                         
C:   00000000  l__CODE                         
C:   00000000  s_BSEG                          
C:   00000000  s_CABS                          
C:   00000000  s_DSEG                          
C:   00000000  s_HOME                          
C:   00000000  s_IABS                          
C:   00000000  s_ISEG                          
C:   00000000  s_REG_BANK_0                    
C:   00000000  s_RSEG                          
C:   00000000  s_RSEG0                         
C:   00000000  s_RSEG1                         
C:   00000000  s_XABS                          
C:   00000001  s_PSEG                          
C:   00000001  s_XSEG                          
C:   00000003  l_GSFINAL                       
C:   00000003  l_GSINIT0                       
C:   00000006  l_OSEG                          
C:   00000008  l_REG_BANK_0                    
C:   00000008  s_REG_BANK_1                    
C:   00000009  l_HOME                          
C:   00000009  s_GSINIT0                       
C:   0000000A  l_GSINIT2                       
C:   0000000C  s_GSINIT1                       
C:   0000000C  s_GSINIT2                       
C:   00000010  s_REG_BANK_2                    
C:   00000016  s_GSINIT3                       
C:   00000018  s_BIT_BANK                      
C:   00000018  s_REG_BANK_3                    
C:   00000020  s_BSEG_BYTES                    
C:   00000020  s__CODE                         
C:   00000021  l_GSINIT                        
C:   00000022  l_GSINIT3                       
ASxxxx Linker V03.00/V05.40 + sdld,  page 2.
Hexadecimal  [32-Bits]

Area                                    Addr        Size        Decimal Bytes (Attributes)
--------------------------------        ----        ----        ------- ----- ------------
CABS                                00000000    00000000 =           0. bytes (ABS,CON,CODE)

      Value  Global                              Global Defined In Module
      -----  --------------------------------   ------------------------
C:   0000002A  l_GSINIT4                       
C:   00000038  s_GSINIT4                       
C:   00000048  s_OSEG                          
C:   0000004E  s_SSEG                          
C:   00000062  s_GSINIT                        
C:   00000062  s_GSINIT5                       
C:   00000080  l_DSEG                          
C:   00000083  s_GSFINAL                       
C:   00000086  s_CSEG                          
C:   000000B2  l_SSEG                          
C:   000000DA  l_XSEG                          
C:   000000DB  s_XISEG                         
C:   00000100  l_IRAM                          
C:   00000126  l_CONST                         
C:   00000E93  l_CSEG                          
C:   00000F19  s_CONST                         
C:   0000103F  s_XINIT                         

ASxxxx Linker V03.00/V05.40 + sdld,  page 3.
Hexadecimal  [32-Bits]

Area                                    Addr        Size        Decimal Bytes (Attributes)
--------------------------------        ----        ----        ------- ----- ------------
.  .ABS.                            00000000    00000000 =           0. bytes (ABS,CON)

      Value  Global                              Global Defined In Module
      -----  --------------------------------   ------------------------
     00000000  .__.ABS.                           _startup
     00000080  _P0                                tempAndHumidity
     00000080  _P00                               tempAndHumidity
     00000081  _P01                               tempAndHumidity
     00000081  _SP                                tempAndHumidity
     00000082  _DPL                               tempAndHumidity
     00000082  _P02                               tempAndHumidity
     00000083  _DPH                               tempAndHumidity
     00000083  _P03                               tempAndHumidity
     00000084  _P04                               tempAndHumidity
     00000084  _S4CON                             tempAndHumidity
     00000085  _P05                               tempAndHumidity
     00000085  _S4BUF                             tempAndHumidity
     00000086  _P06                               tempAndHumidity
     00000087  _P07                               tempAndHumidity
     00000087  _PCON                              tempAndHumidity
     00000088  _IT0                               tempAndHumidity
     00000088  _TCON                              tempAndHumidity
     00000089  _IE0                               tempAndHumidity
     00000089  _TMOD                              tempAndHumidity
     0000008A  _IT1                               tempAndHumidity
     0000008A  _TL0                               tempAndHumidity
     0000008B  _IE1                               tempAndHumidity
     0000008B  _TL1                               tempAndHumidity
     0000008C  _TH0                               tempAndHumidity
     0000008C  _TR0                               tempAndHumidity
     0000008D  _TF0                               tempAndHumidity
     0000008D  _TH1                               tempAndHumidity
     0000008E  _AUXR                              tempAndHumidity
     0000008E  _TR1                               tempAndHumidity
     0000008F  _INT_CLKO                          tempAndHumidity
     0000008F  _TF1                               tempAndHumidity
     00000090  _P1                                tempAndHumidity
     00000090  _P10                               tempAndHumidity
     00000091  _P11                               tempAndHumidity
     00000091  _P1M1                              tempAndHumidity
     00000092  _P12                               tempAndHumidity
     00000092  _P1M0                              tempAndHumidity
     00000093  _P0M1                              tempAndHumidity
     00000093  _P13                               tempAndHumidity
     00000094  _P0M0                              tempAndHumidity
     00000094  _P14                               tempAndHumidity
     00000095  _P15                               tempAndHumidity
     00000095  _P2M1                              tempAndHumidity
     00000096  _P16                               tempAndHumidity
     00000096  _P2M0                              tempAndHumidity
     00000097  _CLK_DIV                           tempAndHumidity
     00000097  _P17                               tempAndHumidity
     00000098  _RI                                tempAndHumidity
     00000098  _SCON                              tempAndHumidity
ASxxxx Linker V03.00/V05.40 + sdld,  page 4.
Hexadecimal  [32-Bits]

Area                                    Addr        Size        Decimal Bytes (Attributes)
--------------------------------        ----        ----        ------- ----- ------------
.  .ABS.                            00000000    00000000 =           0. bytes (ABS,CON)

      Value  Global                              Global Defined In Module
      -----  --------------------------------   ------------------------
     00000099  _SBUF                              tempAndHumidity
     00000099  _TI                                tempAndHumidity
     0000009A  _R2I                               tempAndHumidity
     0000009A  _RB8                               tempAndHumidity
     0000009A  _S2CON                             tempAndHumidity
     0000009B  _S2BUF                             tempAndHumidity
     0000009B  _T2I                               tempAndHumidity
     0000009B  _TB8                               tempAndHumidity
     0000009C  _R2B8                              tempAndHumidity
     0000009C  _REN                               tempAndHumidity
     0000009D  _P1ASF                             tempAndHumidity
     0000009D  _SM2                               tempAndHumidity
     0000009D  _T2B8                              tempAndHumidity
     0000009E  _R2EN                              tempAndHumidity
     0000009E  _SM1                               tempAndHumidity
     0000009F  _S2M2                              tempAndHumidity
     0000009F  _SM0                               tempAndHumidity
     000000A0  _P2                                tempAndHumidity
     000000A0  _P20                               tempAndHumidity
     000000A0  _S2M1                              tempAndHumidity
     000000A0  __XPAGE                            
     000000A1  _BUS_SPEED                         tempAndHumidity
     000000A1  _P21                               tempAndHumidity
     000000A1  _S2M0                              tempAndHumidity
     000000A2  _AUXR1                             tempAndHumidity
     000000A2  _P22                               tempAndHumidity
     000000A2  _P_SW1                             tempAndHumidity
     000000A3  _P23                               tempAndHumidity
     000000A4  _P24                               tempAndHumidity
     000000A5  _P25                               tempAndHumidity
     000000A6  _P26                               tempAndHumidity
     000000A7  _P27                               tempAndHumidity
     000000A8  _EX0                               tempAndHumidity
     000000A8  _IE                                tempAndHumidity
     000000A9  _ET0                               tempAndHumidity
     000000A9  _SADDR                             tempAndHumidity
     000000AA  _EX1                               tempAndHumidity
     000000AA  _WKTCL                             tempAndHumidity
     000000AB  _ET1                               tempAndHumidity
     000000AB  _WKTCH                             tempAndHumidity
     000000AC  _ES                                tempAndHumidity
     000000AC  _S3CON                             tempAndHumidity
     000000AD  _EADC                              tempAndHumidity
     000000AD  _S3BUF                             tempAndHumidity
     000000AE  _ELVD                              tempAndHumidity
     000000AF  _EA                                tempAndHumidity
     000000AF  _IE2                               tempAndHumidity
     000000B0  _P3                                tempAndHumidity
     000000B0  _P30                               tempAndHumidity
     000000B1  _P31                               tempAndHumidity
     000000B1  _P3M1                              tempAndHumidity
ASxxxx Linker V03.00/V05.40 + sdld,  page 5.
Hexadecimal  [32-Bits]

Area                                    Addr        Size        Decimal Bytes (Attributes)
--------------------------------        ----        ----        ------- ----- ------------
.  .ABS.                            00000000    00000000 =           0. bytes (ABS,CON)

      Value  Global                              Global Defined In Module
      -----  --------------------------------   ------------------------
     000000B2  _P32                               tempAndHumidity
     000000B2  _P3M0                              tempAndHumidity
     000000B3  _P33                               tempAndHumidity
     000000B3  _P4M1                              tempAndHumidity
     000000B4  _P34                               tempAndHumidity
     000000B4  _P4M0                              tempAndHumidity
     000000B5  _IP2                               tempAndHumidity
     000000B5  _P35                               tempAndHumidity
     000000B6  _P36                               tempAndHumidity
     000000B7  _P37                               tempAndHumidity
     000000B8  _IP                                tempAndHumidity
     000000B8  _PX0                               tempAndHumidity
     000000B9  _PT0                               tempAndHumidity
     000000B9  _SADEN                             tempAndHumidity
     000000BA  _PX1                               tempAndHumidity
     000000BA  _P_SW2                             tempAndHumidity
     000000BB  _PT1                               tempAndHumidity
     000000BC  _ADC_CONTR                         tempAndHumidity
     000000BC  _PS                                tempAndHumidity
     000000BD  _ADC_RES                           tempAndHumidity
     000000BD  _PADC                              tempAndHumidity
     000000BE  _ADC_RESL                          tempAndHumidity
     000000BE  _PLVD                              tempAndHumidity
     000000BF  _PPCA                              tempAndHumidity
     000000C0  _P4                                tempAndHumidity
     000000C0  _P40                               tempAndHumidity
     000000C1  _P41                               tempAndHumidity
     000000C1  _WDT_CONTR                         tempAndHumidity
     000000C2  _IAP_DATA                          tempAndHumidity
     000000C2  _P42                               tempAndHumidity
     000000C3  _IAP_ADDRH                         tempAndHumidity
     000000C3  _P43                               tempAndHumidity
     000000C4  _IAP_ADDRL                         tempAndHumidity
     000000C4  _P44                               tempAndHumidity
     000000C5  _IAP_CMD                           tempAndHumidity
     000000C5  _P45                               tempAndHumidity
     000000C6  _IAP_TRIG                          tempAndHumidity
     000000C6  _P46                               tempAndHumidity
     000000C7  _IAP_CONTR                         tempAndHumidity
     000000C7  _P47                               tempAndHumidity
     000000C8  _P5                                tempAndHumidity
     000000C8  _P50                               tempAndHumidity
     000000C9  _P51                               tempAndHumidity
     000000C9  _P5M1                              tempAndHumidity
     000000CA  _P52                               tempAndHumidity
     000000CA  _P5M0                              tempAndHumidity
     000000CB  _P53                               tempAndHumidity
     000000CB  _P6M1                              tempAndHumidity
     000000CC  _P54                               tempAndHumidity
     000000CC  _P6M0                              tempAndHumidity
     000000CD  _P55                               tempAndHumidity
ASxxxx Linker V03.00/V05.40 + sdld,  page 6.
Hexadecimal  [32-Bits]

Area                                    Addr        Size        Decimal Bytes (Attributes)
--------------------------------        ----        ----        ------- ----- ------------
.  .ABS.                            00000000    00000000 =           0. bytes (ABS,CON)

      Value  Global                              Global Defined In Module
      -----  --------------------------------   ------------------------
     000000CD  _SPSTAT                            tempAndHumidity
     000000CE  _P56                               tempAndHumidity
     000000CE  _SPCTL                             tempAndHumidity
     000000CF  _P57                               tempAndHumidity
     000000CF  _SPDAT                             tempAndHumidity
     000000D0  _P                                 tempAndHumidity
     000000D0  _PSW                               tempAndHumidity
     000000D1  _F1                                tempAndHumidity
     000000D1  _T3T4M                             tempAndHumidity
     000000D1  _T4T3M                             tempAndHumidity
     000000D2  _OV                                tempAndHumidity
     000000D2  _T4H                               tempAndHumidity
     000000D3  _RS0                               tempAndHumidity
     000000D3  _T4L                               tempAndHumidity
     000000D4  _RS1                               tempAndHumidity
     000000D4  _T3H                               tempAndHumidity
     000000D5  _F0                                tempAndHumidity
     000000D5  _T3L                               tempAndHumidity
     000000D6  _AC                                tempAndHumidity
     000000D6  _T2H                               tempAndHumidity
     000000D7  _CY                                tempAndHumidity
     000000D7  _T2L                               tempAndHumidity
     000000D8  _CCF0                              tempAndHumidity
     000000D8  _CCON                              tempAndHumidity
     000000D9  _CCF1                              tempAndHumidity
     000000D9  _CMOD                              tempAndHumidity
     000000DA  _CCAPM0                            tempAndHumidity
     000000DA  _CCF2                              tempAndHumidity
     000000DB  _CCAPM1                            tempAndHumidity
     000000DC  _CCAPM2                            tempAndHumidity
     000000DE  _CR                                tempAndHumidity
     000000DF  _CF                                tempAndHumidity
     000000E0  _ACC                               tempAndHumidity
     000000E1  _P7M1                              tempAndHumidity
     000000E2  _P7M0                              tempAndHumidity
     000000E6  _CMPCR1                            tempAndHumidity
     000000E7  _CMPCR2                            tempAndHumidity
     000000E8  _P6                                tempAndHumidity
     000000E8  _P60                               tempAndHumidity
     000000E9  _CL                                tempAndHumidity
     000000E9  _P61                               tempAndHumidity
     000000EA  _CCAP0L                            tempAndHumidity
     000000EA  _P62                               tempAndHumidity
     000000EB  _CCAP1L                            tempAndHumidity
     000000EB  _P63                               tempAndHumidity
     000000EC  _CCAP2L                            tempAndHumidity
     000000EC  _P64                               tempAndHumidity
     000000ED  _P65                               tempAndHumidity
     000000EE  _P66                               tempAndHumidity
     000000EF  _P67                               tempAndHumidity
     000000F0  _B                                 tempAndHumidity
ASxxxx Linker V03.00/V05.40 + sdld,  page 7.
Hexadecimal  [32-Bits]

Area                                    Addr        Size        Decimal Bytes (Attributes)
--------------------------------        ----        ----        ------- ----- ------------
.  .ABS.                            00000000    00000000 =           0. bytes (ABS,CON)

      Value  Global                              Global Defined In Module
      -----  --------------------------------   ------------------------
     000000F1  _PWMCFG                            tempAndHumidity
     000000F2  _PCA_PWM0                          tempAndHumidity
     000000F3  _PCA_PWM1                          tempAndHumidity
     000000F4  _PCA_PWM2                          tempAndHumidity
     000000F5  _B_5                               _gptrget
     000000F5  _PWMCR                             tempAndHumidity
     000000F6  _B_6                               _gptrget
     000000F6  _PWMIF                             tempAndHumidity
     000000F7  _B_7                               _gptrget
     000000F7  _PWMFDCR                           tempAndHumidity
     000000F8  _P7                                tempAndHumidity
     000000F8  _P70                               tempAndHumidity
     000000F9  _CH                                tempAndHumidity
     000000F9  _P71                               tempAndHumidity
     000000FA  _CCAP0H                            tempAndHumidity
     000000FA  _P72                               tempAndHumidity
     000000FB  _CCAP1H                            tempAndHumidity
     000000FB  _P73                               tempAndHumidity
     000000FC  _CCAP2H                            tempAndHumidity
     000000FC  _P74                               tempAndHumidity
     000000FD  _P75                               tempAndHumidity
     000000FE  _P76                               tempAndHumidity
     000000FF  _P77                               tempAndHumidity

ASxxxx Linker V03.00/V05.40 + sdld,  page 8.
Hexadecimal  [32-Bits]

Area                                    Addr        Size        Decimal Bytes (Attributes)
--------------------------------        ----        ----        ------- ----- ------------
REG_BANK_0                          00000000    00000008 =           8. bytes (REL,OVR)

      Value  Global                              Global Defined In Module
      -----  --------------------------------   ------------------------
ASxxxx Linker V03.00/V05.40 + sdld,  page 9.
Hexadecimal  [32-Bits]

Area                                    Addr        Size        Decimal Bytes (Attributes)
--------------------------------        ----        ----        ------- ----- ------------
DSEG                                00000000    00000080 =         128. bytes (REL,CON)

      Value  Global                              Global Defined In Module
      -----  --------------------------------   ------------------------
     00000008  _seg_code                          tempAndHumidity
     00000013  _data                              tempAndHumidity
     00000018  _displayHumidity                   tempAndHumidity
     00000019  _justPressed                       tempAndHumidity
     0000001A  _comfimed                          tempAndHumidity
     0000001C  _tempNegativeSign                  tempAndHumidity
     0000002D  _intToStr_PARM_2                   tempAndHumidity
     00000038  _display_number_PARM_2             tempAndHumidity
     00000039  _sendDataToServer_PARM_2           tempAndHumidity
ASxxxx Linker V03.00/V05.40 + sdld,  page 10.
Hexadecimal  [32-Bits]

Area                                    Addr        Size        Decimal Bytes (Attributes)
--------------------------------        ----        ----        ------- ----- ------------
OSEG                                00000048    00000006 =           6. bytes (REL,OVR)

      Value  Global                              Global Defined In Module
      -----  --------------------------------   ------------------------
     00000048  __divsint_PARM_2                   _divuint
     00000048  __divuint_PARM_2                   _divuint
     00000048  __gptrput_PARM_2                   _gptrput
     00000048  __modsint_PARM_2                   _moduint
     00000048  __moduint_PARM_2                   _moduint
     00000048  _memset_PARM_2                     _memset
     00000048  _strcat_PARM_2                     _strcat
     00000049  _memset_PARM_3                     _memset

ASxxxx Linker V03.00/V05.40 + sdld,  page 11.
Hexadecimal  [32-Bits]

Area                                    Addr        Size        Decimal Bytes (Attributes)
--------------------------------        ----        ----        ------- ----- ------------
SSEG                                0000004E    000000B2 =         178. bytes (REL,OVR)

      Value  Global                              Global Defined In Module
      -----  --------------------------------   ------------------------
     0000004E  __start__stack                     tempAndHumidity

ASxxxx Linker V03.00/V05.40 + sdld,  page 12.
Hexadecimal  [32-Bits]

Area                                    Addr        Size        Decimal Bytes (Attributes)
--------------------------------        ----        ----        ------- ----- ------------
XSEG                                00000001    000000DA =         218. bytes (REL,CON,XDATA)

      Value  Global                              Global Defined In Module
      -----  --------------------------------   ------------------------
D:   00000001  _floatToStr_PARM_2                 tempAndHumidity

ASxxxx Linker V03.00/V05.40 + sdld,  page 13.
Hexadecimal  [32-Bits]

Area                                    Addr        Size        Decimal Bytes (Attributes)
--------------------------------        ----        ----        ------- ----- ------------
HOME                                00000000    00000009 =           9. bytes (REL,CON,CODE)

      Value  Global                              Global Defined In Module
      -----  --------------------------------   ------------------------
C:   00000006  __sdcc_program_startup             tempAndHumidity

ASxxxx Linker V03.00/V05.40 + sdld,  page 14.
Hexadecimal  [32-Bits]

Area                                    Addr        Size        Decimal Bytes (Attributes)
--------------------------------        ----        ----        ------- ----- ------------
GSINIT0                             00000009    00000003 =           3. bytes (REL,CON,CODE)

      Value  Global                              Global Defined In Module
      -----  --------------------------------   ------------------------
C:   00000009  __sdcc_gsinit_startup              

ASxxxx Linker V03.00/V05.40 + sdld,  page 15.
Hexadecimal  [32-Bits]

Area                                    Addr        Size        Decimal Bytes (Attributes)
--------------------------------        ----        ----        ------- ----- ------------
GSINIT2                             0000000C    0000000A =          10. bytes (REL,CON,CODE)

      Value  Global                              Global Defined In Module
      -----  --------------------------------   ------------------------
ASxxxx Linker V03.00/V05.40 + sdld,  page 16.
Hexadecimal  [32-Bits]

Area                                    Addr        Size        Decimal Bytes (Attributes)
--------------------------------        ----        ----        ------- ----- ------------
GSINIT3                             00000016    00000022 =          34. bytes (REL,CON,CODE)

      Value  Global                              Global Defined In Module
      -----  --------------------------------   ------------------------
C:   00000016  __mcs51_genXINIT                   

ASxxxx Linker V03.00/V05.40 + sdld,  page 17.
Hexadecimal  [32-Bits]

Area                                    Addr        Size        Decimal Bytes (Attributes)
--------------------------------        ----        ----        ------- ----- ------------
GSINIT4                             00000038    0000002A =          42. bytes (REL,CON,CODE)

      Value  Global                              Global Defined In Module
      -----  --------------------------------   ------------------------
C:   00000038  __mcs51_genRAMCLEAR                
C:   0000003E  __mcs51_genXRAMCLEAR               

ASxxxx Linker V03.00/V05.40 + sdld,  page 18.
Hexadecimal  [32-Bits]

Area                                    Addr        Size        Decimal Bytes (Attributes)
--------------------------------        ----        ----        ------- ----- ------------
GSINIT                              00000062    00000021 =          33. bytes (REL,CON,CODE)

      Value  Global                              Global Defined In Module
      -----  --------------------------------   ------------------------
ASxxxx Linker V03.00/V05.40 + sdld,  page 19.
Hexadecimal  [32-Bits]

Area                                    Addr        Size        Decimal Bytes (Attributes)
--------------------------------        ----        ----        ------- ----- ------------
GSFINAL                             00000083    00000003 =           3. bytes (REL,CON,CODE)

      Value  Global                              Global Defined In Module
      -----  --------------------------------   ------------------------
ASxxxx Linker V03.00/V05.40 + sdld,  page 20.
Hexadecimal  [32-Bits]

Area                                    Addr        Size        Decimal Bytes (Attributes)
--------------------------------        ----        ----        ------- ----- ------------
CSEG                                00000086    00000E93 =        3731. bytes (REL,CON,CODE)

      Value  Global                              Global Defined In Module
      -----  --------------------------------   ------------------------
C:   00000086  _floatToStr                        tempAndHumidity
C:   0000026F  _intToStr                          tempAndHumidity
C:   0000035D  _delay_us                          tempAndHumidity
C:   0000036F  _delay_ms                          tempAndHumidity
C:   0000039C  _INT0_ISR                          tempAndHumidity
C:   000003AF  _display_number                    tempAndHumidity
C:   00000435  _DHT22_init                        tempAndHumidity
C:   00000438  _DHT22_read                        tempAndHumidity
C:   000004C9  _UART_SendByte                     tempAndHumidity
C:   000004D2  _UART_SendString                   tempAndHumidity
C:   000004FD  _Uart1_Init                        tempAndHumidity
C:   00000510  _reopenUART                        tempAndHumidity
C:   00000516  _sendDataToServer                  tempAndHumidity
C:   00000678  _main                              tempAndHumidity
C:   00000923  ___fssub                           _fssub
C:   0000092E  __divuint                          _divuint
C:   00000957  ___fsmul                           _fsmul
C:   000009FA  fsgetargs                          _fsget2args
C:   00000A28  fs_normalize_a                     _fsnormalize
C:   00000A5B  _memset                            _memset
C:   00000A7A  _strcat                            _strcat
C:   00000AD0  __gptrput                          _gptrput
C:   00000AEB  ___fslt                            _fslt
C:   00000B1B  __moduint                          _moduint
C:   00000B68  ___fsadd                           _fsadd
C:   00000B6B  fsadd_direct_entry                 _fsadd
C:   00000BC1  fs_compare_uint32                  _fscmp
C:   00000BDF  fs_check_negative_zeros            _fscmp
C:   00000C0A  ___fs2sint                         _fs2sint
C:   00000C3E  ___sint2fs                         _sint2fs
C:   00000C4B  ___uint2fs                         _uint2fs
C:   00000C57  fs_round_and_return                _fsreturnval
C:   00000C6F  fs_zerocheck_return                _fsreturnval
C:   00000C78  fs_return_zero                     _fsreturnval
C:   00000C80  fs_direct_return                   _fsreturnval
C:   00000C8E  fs_return_inf                      _fsreturnval
C:   00000C9B  fs_return_nan                      _fsreturnval
C:   00000CA6  fs_swap_a_b                        _fsswapargs
C:   00000CC0  _strlen                            _strlen
C:   00000CD8  ___fsdiv                           _fsdiv
C:   00000D9B  __gptrget                          _gptrget
C:   00000DB7  __modsint                          _modsint
C:   00000DED  ___slong2fs                        _slong2fs
C:   00000DF6  slong2fs_doit                      _slong2fs
C:   00000E1A  ___ulong2fs                        _ulong2fs
C:   00000E23  ulong2fs_doit                      _ulong2fs
C:   00000E2D  __divsint                          _divsint
C:   00000E65  fs_rshift_a                        _fsrshift
C:   00000EA8  ___fs2slong                        _fs2slong
C:   00000F03  fsgetarg                           _fsget1arg
ASxxxx Linker V03.00/V05.40 + sdld,  page 21.
Hexadecimal  [32-Bits]

Area                                    Addr        Size        Decimal Bytes (Attributes)
--------------------------------        ----        ----        ------- ----- ------------
CSEG                                00000086    00000E93 =        3731. bytes (REL,CON,CODE)

      Value  Global                              Global Defined In Module
      -----  --------------------------------   ------------------------
C:   00000F15  ___sdcc_external_startup           _startup
ASxxxx Linker V03.00/V05.40 + sdld,  page 22.
Hexadecimal  [32-Bits]

Area                                    Addr        Size        Decimal Bytes (Attributes)
--------------------------------        ----        ----        ------- ----- ------------
CONST                               00000F19    00000126 =         294. bytes (REL,CON,CODE)

      Value  Global                              Global Defined In Module
      -----  --------------------------------   ------------------------
ASxxxx Linker V03.00/V05.40 + sdld,  page 23.

Files Linked                              [ module(s) ]

tempAndHumidity.rel                       [  ]


Libraries Linked                          [ object file ]

/usr/local/sdcc-4.4.0/bin/../share/sdcc/lib/small/libfloat.lib
                                          [ _fssub.rel ]
/usr/local/sdcc-4.4.0/bin/../share/sdcc/lib/small/libint.lib
                                          [ _divuint.rel ]
/usr/local/sdcc-4.4.0/bin/../share/sdcc/lib/small/libfloat.lib
                                          [ _fsmul.rel ]
/usr/local/sdcc-4.4.0/bin/../share/sdcc/lib/small/libfloat.lib
                                          [ _fsget2args.rel ]
/usr/local/sdcc-4.4.0/bin/../share/sdcc/lib/small/mcs51.lib
                                          [ crtclear.rel ]
/usr/local/sdcc-4.4.0/bin/../share/sdcc/lib/small/libfloat.lib
                                          [ _fsnormalize.rel ]
/usr/local/sdcc-4.4.0/bin/../share/sdcc/lib/small/libsdcc.lib
                                          [ _memset.rel ]
/usr/local/sdcc-4.4.0/bin/../share/sdcc/lib/small/mcs51.lib
                                          [ crtxinit.rel ]
/usr/local/sdcc-4.4.0/bin/../share/sdcc/lib/small/libsdcc.lib
                                          [ _strcat.rel ]
/usr/local/sdcc-4.4.0/bin/../share/sdcc/lib/small/libsdcc.lib
                                          [ _gptrput.rel ]
/usr/local/sdcc-4.4.0/bin/../share/sdcc/lib/small/libfloat.lib
                                          [ _fslt.rel ]
/usr/local/sdcc-4.4.0/bin/../share/sdcc/lib/small/libint.lib
                                          [ _moduint.rel ]
/usr/local/sdcc-4.4.0/bin/../share/sdcc/lib/small/libfloat.lib
                                          [ _fsadd.rel ]
/usr/local/sdcc-4.4.0/bin/../share/sdcc/lib/small/mcs51.lib
                                          [ crtxclear.rel ]
/usr/local/sdcc-4.4.0/bin/../share/sdcc/lib/small/libfloat.lib
                                          [ _fscmp.rel ]
/usr/local/sdcc-4.4.0/bin/../share/sdcc/lib/small/libfloat.lib
                                          [ _fs2sint.rel ]
/usr/local/sdcc-4.4.0/bin/../share/sdcc/lib/small/libfloat.lib
                                          [ _sint2fs.rel ]
/usr/local/sdcc-4.4.0/bin/../share/sdcc/lib/small/libfloat.lib
                                          [ _uint2fs.rel ]
/usr/local/sdcc-4.4.0/bin/../share/sdcc/lib/small/libfloat.lib
                                          [ _fsreturnval.rel ]
/usr/local/sdcc-4.4.0/bin/../share/sdcc/lib/small/mcs51.lib
                                          [ crtpagesfr.rel ]
/usr/local/sdcc-4.4.0/bin/../share/sdcc/lib/small/libfloat.lib
                                          [ _fsswapargs.rel ]
/usr/local/sdcc-4.4.0/bin/../share/sdcc/lib/small/libsdcc.lib
                                          [ _strlen.rel ]
/usr/local/sdcc-4.4.0/bin/../share/sdcc/lib/small/libfloat.lib
                                          [ _fsdiv.rel ]
/usr/local/sdcc-4.4.0/bin/../share/sdcc/lib/small/mcs51.lib
                                          [ crtstart.rel ]
/usr/local/sdcc-4.4.0/bin/../share/sdcc/lib/small/libsdcc.lib
                                          [ _gptrget.rel ]
/usr/local/sdcc-4.4.0/bin/../share/sdcc/lib/small/libint.lib
                                          [ _modsint.rel ]
/usr/local/sdcc-4.4.0/bin/../share/sdcc/lib/small/libfloat.lib
                                          [ _slong2fs.rel ]
/usr/local/sdcc-4.4.0/bin/../share/sdcc/lib/small/libfloat.lib
                                          [ _ulong2fs.rel ]
/usr/local/sdcc-4.4.0/bin/../share/sdcc/lib/small/libint.lib
                                          [ _divsint.rel ]
/usr/local/sdcc-4.4.0/bin/../share/sdcc/lib/small/libfloat.lib
                                          [ _fsrshift.rel ]
/usr/local/sdcc-4.4.0/bin/../share/sdcc/lib/small/libfloat.lib
                                          [ _fs2slong.rel ]
/usr/local/sdcc-4.4.0/bin/../share/sdcc/lib/small/libfloat.lib
                                          [ _fsget1arg.rel ]
/usr/local/sdcc-4.4.0/bin/../share/sdcc/lib/small/libsdcc.lib
                                          [ _startup.rel ]

ASxxxx Linker V03.00/V05.40 + sdld,  page 24.

User Base Address Definitions

HOME = 0x0000
XSEG = 0x0001
PSEG = 0x0001
ISEG = 0x0000
BSEG = 0x0000

