ASxxxx Linker V03.00/V05.40 + sdld,  page 1.
Hexadecimal  [32-Bits]

Area                                    Addr        Size        Decimal Bytes (Attributes)
--------------------------------        ----        ----        ------- ----- ------------
CABS                                00000000    00000000 =           0. bytes (ABS,CON,CODE)

      Value  Global                              Global Defined In Module
      -----  --------------------------------   ------------------------
C:   00000000  l_BIT_BANK                      
C:   00000000  l_BSEG                          
C:   00000000  l_BSEG_BYTES                    
C:   00000000  l_CABS                          
C:   00000000  l_GSINIT                        
C:   00000000  l_GSINIT1                       
C:   00000000  l_GSINIT5                       
C:   00000000  l_IABS                          
C:   00000000  l_ISEG                          
C:   00000000  l_PSEG                          
C:   00000000  l_REG_BANK_1                    
C:   00000000  l_REG_BANK_2                    
C:   00000000  l_REG_BANK_3                    
C:   00000000  l_RSEG                          
C:   00000000  l_RSEG0                         
C:   00000000  l_RSEG1                         
C:   00000000  l_XABS                          
C:   00000000  l_XINIT                         
C:   00000000  l_XISEG                         
C:   00000000  l__CODE                         
C:   00000000  s_BSEG                          
C:   00000000  s_CABS                          
C:   00000000  s_DSEG                          
C:   00000000  s_HOME                          
C:   00000000  s_IABS                          
C:   00000000  s_ISEG                          
C:   00000000  s_REG_BANK_0                    
C:   00000000  s_RSEG                          
C:   00000000  s_RSEG0                         
C:   00000000  s_RSEG1                         
C:   00000000  s_XABS                          
C:   00000001  s_PSEG                          
C:   00000001  s_XSEG                          
C:   00000003  l_GSFINAL                       
C:   00000003  l_GSINIT0                       
C:   00000006  l_HOME                          
C:   00000006  l_OSEG                          
C:   00000006  s_GSINIT0                       
C:   00000008  l_REG_BANK_0                    
C:   00000008  s_REG_BANK_1                    
C:   00000009  s_GSINIT1                       
C:   00000009  s_GSINIT2                       
C:   0000000A  l_GSINIT2                       
C:   00000010  s_REG_BANK_2                    
C:   00000013  s_GSINIT3                       
C:   00000018  s_BIT_BANK                      
C:   00000018  s_REG_BANK_3                    
C:   00000020  s_BSEG_BYTES                    
C:   00000020  s__CODE                         
C:   00000022  l_GSINIT3                       
ASxxxx Linker V03.00/V05.40 + sdld,  page 2.
Hexadecimal  [32-Bits]

Area                                    Addr        Size        Decimal Bytes (Attributes)
--------------------------------        ----        ----        ------- ----- ------------
CABS                                00000000    00000000 =           0. bytes (ABS,CON,CODE)

      Value  Global                              Global Defined In Module
      -----  --------------------------------   ------------------------
C:   00000023  s_OSEG                          
C:   00000029  s_SSEG                          
C:   0000002A  l_GSINIT4                       
C:   00000035  s_GSINIT4                       
C:   0000005F  s_GSFINAL                       
C:   0000005F  s_GSINIT                        
C:   0000005F  s_GSINIT5                       
C:   00000062  s_CSEG                          
C:   00000080  l_DSEG                          
C:   000000D7  l_SSEG                          
C:   000000DE  l_XSEG                          
C:   000000DF  s_XISEG                         
C:   00000100  l_IRAM                          
C:   00000109  l_CONST                         
C:   00000BC0  l_CSEG                          
C:   00000C22  s_CONST                         
C:   00000D2B  s_XINIT                         

ASxxxx Linker V03.00/V05.40 + sdld,  page 3.
Hexadecimal  [32-Bits]

Area                                    Addr        Size        Decimal Bytes (Attributes)
--------------------------------        ----        ----        ------- ----- ------------
.  .ABS.                            00000000    00000000 =           0. bytes (ABS,CON)

      Value  Global                              Global Defined In Module
      -----  --------------------------------   ------------------------
     00000000  .__.ABS.                           _startup
     00000080  _P0                                dirt
     00000080  _P00                               dirt
     00000081  _P01                               dirt
     00000081  _SP                                dirt
     00000082  _DPL                               dirt
     00000082  _P02                               dirt
     00000083  _DPH                               dirt
     00000083  _P03                               dirt
     00000084  _P04                               dirt
     00000084  _S4CON                             dirt
     00000085  _P05                               dirt
     00000085  _S4BUF                             dirt
     00000086  _P06                               dirt
     00000087  _P07                               dirt
     00000087  _PCON                              dirt
     00000088  _IT0                               dirt
     00000088  _TCON                              dirt
     00000089  _IE0                               dirt
     00000089  _TMOD                              dirt
     0000008A  _IT1                               dirt
     0000008A  _TL0                               dirt
     0000008B  _IE1                               dirt
     0000008B  _TL1                               dirt
     0000008C  _TH0                               dirt
     0000008C  _TR0                               dirt
     0000008D  _TF0                               dirt
     0000008D  _TH1                               dirt
     0000008E  _AUXR                              dirt
     0000008E  _TR1                               dirt
     0000008F  _INT_CLKO                          dirt
     0000008F  _TF1                               dirt
     00000090  _P1                                dirt
     00000090  _P10                               dirt
     00000091  _P11                               dirt
     00000091  _P1M1                              dirt
     00000092  _P12                               dirt
     00000092  _P1M0                              dirt
     00000093  _P0M1                              dirt
     00000093  _P13                               dirt
     00000094  _P0M0                              dirt
     00000094  _P14                               dirt
     00000095  _P15                               dirt
     00000095  _P2M1                              dirt
     00000096  _P16                               dirt
     00000096  _P2M0                              dirt
     00000097  _CLK_DIV                           dirt
     00000097  _P17                               dirt
     00000098  _RI                                dirt
     00000098  _SCON                              dirt
ASxxxx Linker V03.00/V05.40 + sdld,  page 4.
Hexadecimal  [32-Bits]

Area                                    Addr        Size        Decimal Bytes (Attributes)
--------------------------------        ----        ----        ------- ----- ------------
.  .ABS.                            00000000    00000000 =           0. bytes (ABS,CON)

      Value  Global                              Global Defined In Module
      -----  --------------------------------   ------------------------
     00000099  _SBUF                              dirt
     00000099  _TI                                dirt
     0000009A  _R2I                               dirt
     0000009A  _RB8                               dirt
     0000009A  _S2CON                             dirt
     0000009B  _S2BUF                             dirt
     0000009B  _T2I                               dirt
     0000009B  _TB8                               dirt
     0000009C  _R2B8                              dirt
     0000009C  _REN                               dirt
     0000009D  _P1ASF                             dirt
     0000009D  _SM2                               dirt
     0000009D  _T2B8                              dirt
     0000009E  _R2EN                              dirt
     0000009E  _SM1                               dirt
     0000009F  _S2M2                              dirt
     0000009F  _SM0                               dirt
     000000A0  _P2                                dirt
     000000A0  _P20                               dirt
     000000A0  _S2M1                              dirt
     000000A0  __XPAGE                            
     000000A1  _BUS_SPEED                         dirt
     000000A1  _P21                               dirt
     000000A1  _S2M0                              dirt
     000000A2  _AUXR1                             dirt
     000000A2  _P22                               dirt
     000000A2  _P_SW1                             dirt
     000000A3  _P23                               dirt
     000000A4  _P24                               dirt
     000000A5  _P25                               dirt
     000000A6  _P26                               dirt
     000000A7  _P27                               dirt
     000000A8  _EX0                               dirt
     000000A8  _IE                                dirt
     000000A9  _ET0                               dirt
     000000A9  _SADDR                             dirt
     000000AA  _EX1                               dirt
     000000AA  _WKTCL                             dirt
     000000AB  _ET1                               dirt
     000000AB  _WKTCH                             dirt
     000000AC  _ES                                dirt
     000000AC  _S3CON                             dirt
     000000AD  _EADC                              dirt
     000000AD  _S3BUF                             dirt
     000000AE  _ELVD                              dirt
     000000AF  _EA                                dirt
     000000AF  _IE2                               dirt
     000000B0  _P3                                dirt
     000000B0  _P30                               dirt
     000000B1  _P31                               dirt
     000000B1  _P3M1                              dirt
ASxxxx Linker V03.00/V05.40 + sdld,  page 5.
Hexadecimal  [32-Bits]

Area                                    Addr        Size        Decimal Bytes (Attributes)
--------------------------------        ----        ----        ------- ----- ------------
.  .ABS.                            00000000    00000000 =           0. bytes (ABS,CON)

      Value  Global                              Global Defined In Module
      -----  --------------------------------   ------------------------
     000000B2  _P32                               dirt
     000000B2  _P3M0                              dirt
     000000B3  _P33                               dirt
     000000B3  _P4M1                              dirt
     000000B4  _P34                               dirt
     000000B4  _P4M0                              dirt
     000000B5  _IP2                               dirt
     000000B5  _P35                               dirt
     000000B6  _P36                               dirt
     000000B7  _P37                               dirt
     000000B8  _IP                                dirt
     000000B8  _PX0                               dirt
     000000B9  _PT0                               dirt
     000000B9  _SADEN                             dirt
     000000BA  _PX1                               dirt
     000000BA  _P_SW2                             dirt
     000000BB  _PT1                               dirt
     000000BC  _ADC_CONTR                         dirt
     000000BC  _PS                                dirt
     000000BD  _ADC_RES                           dirt
     000000BD  _PADC                              dirt
     000000BE  _ADC_RESL                          dirt
     000000BE  _PLVD                              dirt
     000000BF  _PPCA                              dirt
     000000C0  _P4                                dirt
     000000C0  _P40                               dirt
     000000C1  _P41                               dirt
     000000C1  _WDT_CONTR                         dirt
     000000C2  _IAP_DATA                          dirt
     000000C2  _P42                               dirt
     000000C3  _IAP_ADDRH                         dirt
     000000C3  _P43                               dirt
     000000C4  _IAP_ADDRL                         dirt
     000000C4  _P44                               dirt
     000000C5  _IAP_CMD                           dirt
     000000C5  _P45                               dirt
     000000C6  _IAP_TRIG                          dirt
     000000C6  _P46                               dirt
     000000C7  _IAP_CONTR                         dirt
     000000C7  _P47                               dirt
     000000C8  _P5                                dirt
     000000C8  _P50                               dirt
     000000C9  _P51                               dirt
     000000C9  _P5M1                              dirt
     000000CA  _P52                               dirt
     000000CA  _P5M0                              dirt
     000000CB  _P53                               dirt
     000000CB  _P6M1                              dirt
     000000CC  _P54                               dirt
     000000CC  _P6M0                              dirt
     000000CD  _P55                               dirt
ASxxxx Linker V03.00/V05.40 + sdld,  page 6.
Hexadecimal  [32-Bits]

Area                                    Addr        Size        Decimal Bytes (Attributes)
--------------------------------        ----        ----        ------- ----- ------------
.  .ABS.                            00000000    00000000 =           0. bytes (ABS,CON)

      Value  Global                              Global Defined In Module
      -----  --------------------------------   ------------------------
     000000CD  _SPSTAT                            dirt
     000000CE  _P56                               dirt
     000000CE  _SPCTL                             dirt
     000000CF  _P57                               dirt
     000000CF  _SPDAT                             dirt
     000000D0  _P                                 dirt
     000000D0  _PSW                               dirt
     000000D1  _F1                                dirt
     000000D1  _T3T4M                             dirt
     000000D1  _T4T3M                             dirt
     000000D2  _OV                                dirt
     000000D2  _T4H                               dirt
     000000D3  _RS0                               dirt
     000000D3  _T4L                               dirt
     000000D4  _RS1                               dirt
     000000D4  _T3H                               dirt
     000000D5  _F0                                dirt
     000000D5  _T3L                               dirt
     000000D6  _AC                                dirt
     000000D6  _T2H                               dirt
     000000D7  _CY                                dirt
     000000D7  _T2L                               dirt
     000000D8  _CCF0                              dirt
     000000D8  _CCON                              dirt
     000000D9  _CCF1                              dirt
     000000D9  _CMOD                              dirt
     000000DA  _CCAPM0                            dirt
     000000DA  _CCF2                              dirt
     000000DB  _CCAPM1                            dirt
     000000DC  _CCAPM2                            dirt
     000000DE  _CR                                dirt
     000000DF  _CF                                dirt
     000000E0  _ACC                               dirt
     000000E1  _P7M1                              dirt
     000000E2  _P7M0                              dirt
     000000E6  _CMPCR1                            dirt
     000000E7  _CMPCR2                            dirt
     000000E8  _P6                                dirt
     000000E8  _P60                               dirt
     000000E9  _CL                                dirt
     000000E9  _P61                               dirt
     000000EA  _CCAP0L                            dirt
     000000EA  _P62                               dirt
     000000EB  _CCAP1L                            dirt
     000000EB  _P63                               dirt
     000000EC  _CCAP2L                            dirt
     000000EC  _P64                               dirt
     000000ED  _P65                               dirt
     000000EE  _P66                               dirt
     000000EF  _P67                               dirt
     000000F0  _B                                 dirt
ASxxxx Linker V03.00/V05.40 + sdld,  page 7.
Hexadecimal  [32-Bits]

Area                                    Addr        Size        Decimal Bytes (Attributes)
--------------------------------        ----        ----        ------- ----- ------------
.  .ABS.                            00000000    00000000 =           0. bytes (ABS,CON)

      Value  Global                              Global Defined In Module
      -----  --------------------------------   ------------------------
     000000F1  _PWMCFG                            dirt
     000000F2  _PCA_PWM0                          dirt
     000000F3  _PCA_PWM1                          dirt
     000000F4  _PCA_PWM2                          dirt
     000000F5  _B_5                               _gptrget
     000000F5  _PWMCR                             dirt
     000000F6  _B_6                               _gptrget
     000000F6  _PWMIF                             dirt
     000000F7  _B_7                               _gptrget
     000000F7  _PWMFDCR                           dirt
     000000F8  _P7                                dirt
     000000F8  _P70                               dirt
     000000F9  _CH                                dirt
     000000F9  _P71                               dirt
     000000FA  _CCAP0H                            dirt
     000000FA  _P72                               dirt
     000000FB  _CCAP1H                            dirt
     000000FB  _P73                               dirt
     000000FC  _CCAP2H                            dirt
     000000FC  _P74                               dirt
     000000FD  _P75                               dirt
     000000FE  _P76                               dirt
     000000FF  _P77                               dirt

ASxxxx Linker V03.00/V05.40 + sdld,  page 8.
Hexadecimal  [32-Bits]

Area                                    Addr        Size        Decimal Bytes (Attributes)
--------------------------------        ----        ----        ------- ----- ------------
REG_BANK_0                          00000000    00000008 =           8. bytes (REL,OVR)

      Value  Global                              Global Defined In Module
      -----  --------------------------------   ------------------------
ASxxxx Linker V03.00/V05.40 + sdld,  page 9.
Hexadecimal  [32-Bits]

Area                                    Addr        Size        Decimal Bytes (Attributes)
--------------------------------        ----        ----        ------- ----- ------------
DSEG                                00000000    00000080 =         128. bytes (REL,CON)

      Value  Global                              Global Defined In Module
      -----  --------------------------------   ------------------------
     00000018  _intToStr_PARM_2                   dirt

ASxxxx Linker V03.00/V05.40 + sdld,  page 10.
Hexadecimal  [32-Bits]

Area                                    Addr        Size        Decimal Bytes (Attributes)
--------------------------------        ----        ----        ------- ----- ------------
OSEG                                00000023    00000006 =           6. bytes (REL,OVR)

      Value  Global                              Global Defined In Module
      -----  --------------------------------   ------------------------
     00000023  __divsint_PARM_2                   _divuint
     00000023  __divuint_PARM_2                   _divuint
     00000023  __gptrput_PARM_2                   _gptrput
     00000023  __modsint_PARM_2                   _moduint
     00000023  __moduint_PARM_2                   _moduint
     00000023  _memset_PARM_2                     _memset
     00000023  _strcat_PARM_2                     _strcat
     00000024  _memset_PARM_3                     _memset

ASxxxx Linker V03.00/V05.40 + sdld,  page 11.
Hexadecimal  [32-Bits]

Area                                    Addr        Size        Decimal Bytes (Attributes)
--------------------------------        ----        ----        ------- ----- ------------
SSEG                                00000029    000000D7 =         215. bytes (REL,OVR)

      Value  Global                              Global Defined In Module
      -----  --------------------------------   ------------------------
     00000029  __start__stack                     dirt

ASxxxx Linker V03.00/V05.40 + sdld,  page 12.
Hexadecimal  [32-Bits]

Area                                    Addr        Size        Decimal Bytes (Attributes)
--------------------------------        ----        ----        ------- ----- ------------
XSEG                                00000001    000000DE =         222. bytes (REL,CON,XDATA)

      Value  Global                              Global Defined In Module
      -----  --------------------------------   ------------------------
D:   00000001  _floatToStr_PARM_2                 dirt

ASxxxx Linker V03.00/V05.40 + sdld,  page 13.
Hexadecimal  [32-Bits]

Area                                    Addr        Size        Decimal Bytes (Attributes)
--------------------------------        ----        ----        ------- ----- ------------
HOME                                00000000    00000006 =           6. bytes (REL,CON,CODE)

      Value  Global                              Global Defined In Module
      -----  --------------------------------   ------------------------
C:   00000003  __sdcc_program_startup             dirt

ASxxxx Linker V03.00/V05.40 + sdld,  page 14.
Hexadecimal  [32-Bits]

Area                                    Addr        Size        Decimal Bytes (Attributes)
--------------------------------        ----        ----        ------- ----- ------------
GSINIT0                             00000006    00000003 =           3. bytes (REL,CON,CODE)

      Value  Global                              Global Defined In Module
      -----  --------------------------------   ------------------------
C:   00000006  __sdcc_gsinit_startup              

ASxxxx Linker V03.00/V05.40 + sdld,  page 15.
Hexadecimal  [32-Bits]

Area                                    Addr        Size        Decimal Bytes (Attributes)
--------------------------------        ----        ----        ------- ----- ------------
GSINIT2                             00000009    0000000A =          10. bytes (REL,CON,CODE)

      Value  Global                              Global Defined In Module
      -----  --------------------------------   ------------------------
ASxxxx Linker V03.00/V05.40 + sdld,  page 16.
Hexadecimal  [32-Bits]

Area                                    Addr        Size        Decimal Bytes (Attributes)
--------------------------------        ----        ----        ------- ----- ------------
GSINIT3                             00000013    00000022 =          34. bytes (REL,CON,CODE)

      Value  Global                              Global Defined In Module
      -----  --------------------------------   ------------------------
C:   00000013  __mcs51_genXINIT                   

ASxxxx Linker V03.00/V05.40 + sdld,  page 17.
Hexadecimal  [32-Bits]

Area                                    Addr        Size        Decimal Bytes (Attributes)
--------------------------------        ----        ----        ------- ----- ------------
GSINIT4                             00000035    0000002A =          42. bytes (REL,CON,CODE)

      Value  Global                              Global Defined In Module
      -----  --------------------------------   ------------------------
C:   00000035  __mcs51_genRAMCLEAR                
C:   0000003B  __mcs51_genXRAMCLEAR               

ASxxxx Linker V03.00/V05.40 + sdld,  page 18.
Hexadecimal  [32-Bits]

Area                                    Addr        Size        Decimal Bytes (Attributes)
--------------------------------        ----        ----        ------- ----- ------------
GSFINAL                             0000005F    00000003 =           3. bytes (REL,CON,CODE)

      Value  Global                              Global Defined In Module
      -----  --------------------------------   ------------------------
ASxxxx Linker V03.00/V05.40 + sdld,  page 19.
Hexadecimal  [32-Bits]

Area                                    Addr        Size        Decimal Bytes (Attributes)
--------------------------------        ----        ----        ------- ----- ------------
CSEG                                00000062    00000BC0 =        3008. bytes (REL,CON,CODE)

      Value  Global                              Global Defined In Module
      -----  --------------------------------   ------------------------
C:   00000062  _delay_us                          dirt
C:   00000074  _delay_ms                          dirt
C:   000000A1  _ADC_Init                          dirt
C:   000000B2  _floatToStr                        dirt
C:   0000029B  _intToStr                          dirt
C:   00000389  _UART_SendByte                     dirt
C:   00000392  _UART_SendString                   dirt
C:   000003BD  _Uart1_Init                        dirt
C:   000003D0  _reopenUART                        dirt
C:   000003D6  _sendDataToServer                  dirt
C:   000004FC  _ADC_Read                          dirt
C:   0000052D  _sendADCDataToUART                 dirt
C:   00000545  _main                              dirt
C:   0000064B  ___fssub                           _fssub
C:   00000656  ___fsmul                           _fsmul
C:   000006F9  fsgetargs                          _fsget2args
C:   00000727  fs_normalize_a                     _fsnormalize
C:   0000075A  _memset                            _memset
C:   00000779  _strcat                            _strcat
C:   000007CF  __gptrput                          _gptrput
C:   000007EA  ___fslt                            _fslt
C:   0000081A  __moduint                          _moduint
C:   00000867  ___fsadd                           _fsadd
C:   0000086A  fsadd_direct_entry                 _fsadd
C:   000008C0  __divuint                          _divuint
C:   000008E9  fs_compare_uint32                  _fscmp
C:   00000907  fs_check_negative_zeros            _fscmp
C:   00000932  ___fs2sint                         _fs2sint
C:   00000966  ___sint2fs                         _sint2fs
C:   00000973  fs_round_and_return                _fsreturnval
C:   0000098B  fs_zerocheck_return                _fsreturnval
C:   00000994  fs_return_zero                     _fsreturnval
C:   0000099C  fs_direct_return                   _fsreturnval
C:   000009AA  fs_return_inf                      _fsreturnval
C:   000009B7  fs_return_nan                      _fsreturnval
C:   000009C2  fs_swap_a_b                        _fsswapargs
C:   000009DC  _strlen                            _strlen
C:   000009F4  ___fsdiv                           _fsdiv
C:   00000AB7  __gptrget                          _gptrget
C:   00000AD3  __modsint                          _modsint
C:   00000B09  ___slong2fs                        _slong2fs
C:   00000B12  slong2fs_doit                      _slong2fs
C:   00000B36  __divsint                          _divsint
C:   00000B6E  fs_rshift_a                        _fsrshift
C:   00000BB1  ___fs2slong                        _fs2slong
C:   00000C0C  fsgetarg                           _fsget1arg
C:   00000C1E  ___sdcc_external_startup           _startup

ASxxxx Linker V03.00/V05.40 + sdld,  page 20.
Hexadecimal  [32-Bits]

Area                                    Addr        Size        Decimal Bytes (Attributes)
--------------------------------        ----        ----        ------- ----- ------------
CONST                               00000C22    00000109 =         265. bytes (REL,CON,CODE)

      Value  Global                              Global Defined In Module
      -----  --------------------------------   ------------------------
ASxxxx Linker V03.00/V05.40 + sdld,  page 21.

Files Linked                              [ module(s) ]

dirt.rel                                  [  ]


Libraries Linked                          [ object file ]

/usr/local/sdcc-4.4.0/bin/../share/sdcc/lib/small/libfloat.lib
                                          [ _fssub.rel ]
/usr/local/sdcc-4.4.0/bin/../share/sdcc/lib/small/libfloat.lib
                                          [ _fsmul.rel ]
/usr/local/sdcc-4.4.0/bin/../share/sdcc/lib/small/libfloat.lib
                                          [ _fsget2args.rel ]
/usr/local/sdcc-4.4.0/bin/../share/sdcc/lib/small/mcs51.lib
                                          [ crtclear.rel ]
/usr/local/sdcc-4.4.0/bin/../share/sdcc/lib/small/libfloat.lib
                                          [ _fsnormalize.rel ]
/usr/local/sdcc-4.4.0/bin/../share/sdcc/lib/small/libsdcc.lib
                                          [ _memset.rel ]
/usr/local/sdcc-4.4.0/bin/../share/sdcc/lib/small/mcs51.lib
                                          [ crtxinit.rel ]
/usr/local/sdcc-4.4.0/bin/../share/sdcc/lib/small/libsdcc.lib
                                          [ _strcat.rel ]
/usr/local/sdcc-4.4.0/bin/../share/sdcc/lib/small/libsdcc.lib
                                          [ _gptrput.rel ]
/usr/local/sdcc-4.4.0/bin/../share/sdcc/lib/small/libfloat.lib
                                          [ _fslt.rel ]
/usr/local/sdcc-4.4.0/bin/../share/sdcc/lib/small/libint.lib
                                          [ _moduint.rel ]
/usr/local/sdcc-4.4.0/bin/../share/sdcc/lib/small/libfloat.lib
                                          [ _fsadd.rel ]
/usr/local/sdcc-4.4.0/bin/../share/sdcc/lib/small/mcs51.lib
                                          [ crtxclear.rel ]
/usr/local/sdcc-4.4.0/bin/../share/sdcc/lib/small/libint.lib
                                          [ _divuint.rel ]
/usr/local/sdcc-4.4.0/bin/../share/sdcc/lib/small/libfloat.lib
                                          [ _fscmp.rel ]
/usr/local/sdcc-4.4.0/bin/../share/sdcc/lib/small/libfloat.lib
                                          [ _fs2sint.rel ]
/usr/local/sdcc-4.4.0/bin/../share/sdcc/lib/small/libfloat.lib
                                          [ _sint2fs.rel ]
/usr/local/sdcc-4.4.0/bin/../share/sdcc/lib/small/libfloat.lib
                                          [ _fsreturnval.rel ]
/usr/local/sdcc-4.4.0/bin/../share/sdcc/lib/small/mcs51.lib
                                          [ crtpagesfr.rel ]
/usr/local/sdcc-4.4.0/bin/../share/sdcc/lib/small/libfloat.lib
                                          [ _fsswapargs.rel ]
/usr/local/sdcc-4.4.0/bin/../share/sdcc/lib/small/libsdcc.lib
                                          [ _strlen.rel ]
/usr/local/sdcc-4.4.0/bin/../share/sdcc/lib/small/libfloat.lib
                                          [ _fsdiv.rel ]
/usr/local/sdcc-4.4.0/bin/../share/sdcc/lib/small/mcs51.lib
                                          [ crtstart.rel ]
/usr/local/sdcc-4.4.0/bin/../share/sdcc/lib/small/libsdcc.lib
                                          [ _gptrget.rel ]
/usr/local/sdcc-4.4.0/bin/../share/sdcc/lib/small/libint.lib
                                          [ _modsint.rel ]
/usr/local/sdcc-4.4.0/bin/../share/sdcc/lib/small/libfloat.lib
                                          [ _slong2fs.rel ]
/usr/local/sdcc-4.4.0/bin/../share/sdcc/lib/small/libint.lib
                                          [ _divsint.rel ]
/usr/local/sdcc-4.4.0/bin/../share/sdcc/lib/small/libfloat.lib
                                          [ _fsrshift.rel ]
/usr/local/sdcc-4.4.0/bin/../share/sdcc/lib/small/libfloat.lib
                                          [ _fs2slong.rel ]
/usr/local/sdcc-4.4.0/bin/../share/sdcc/lib/small/libfloat.lib
                                          [ _fsget1arg.rel ]
/usr/local/sdcc-4.4.0/bin/../share/sdcc/lib/small/libsdcc.lib
                                          [ _startup.rel ]

ASxxxx Linker V03.00/V05.40 + sdld,  page 22.

User Base Address Definitions

HOME = 0x0000
XSEG = 0x0001
PSEG = 0x0001
ISEG = 0x0000
BSEG = 0x0000

